Test 1/17: Correct.
Test 2/17: Correct.
MINIMAX: Depth 2-Decided on column 1 with rating 1000
total evals 49
Test 3/17: Correct.
MINIMAX: Depth 2-Decided on column 1 with rating 1000
total evals 49
Test 4/17: Correct.
ALPHA_BETA: Depth 2-Decided on column 1 with rating 1000
total evals 24
Test 5/17: Correct.
ALPHA_BETA: Depth 10-Decided on column I with rating 6
total evals 14
Test 6/17: Correct.
ALPHA_BETA: Depth 10-Decided on column B with rating 6
total evals 10
Test 7/17: Correct.
ALPHA_BETA: Depth 10-Decided on column B with rating 6
total evals 12
Test 8/17: Correct.
ALPHA_BETA: Depth 2-Decided on column 3 with rating -1000
total evals 31
Test 9/17: Correct.
ALPHA_BETA: Depth 2-Decided on column 1 with rating 2000
total evals 19
Test 10/17: Correct.
ALPHA_BETA: Depth 2-Decided on column 3 with rating -2000
total evals 25
Test 11/17: Correct.
ALPHA_BETA: Depth 6-Decided on column 3 with rating 22
total evals 13048
Test 12/17: Correct.

  0 1 2 3 4 5 6
0              
1              
2              
3              
4              
5     X   O    

ALPHA_BETA: Depth 1-Decided on column 3 with rating 10
total evals 7
ALPHA_BETA: Depth 2-Decided on column 3 with rating 36
total evals 37
ALPHA_BETA: Depth 3-Decided on column 1 with rating 40
total evals 140
ALPHA_BETA: Depth 4-Decided on column 3 with rating 54
total evals 778
ALPHA_BETA: Depth 5-Decided on column 3 with rating 50
total evals 2759
Test 13/17: Error.
While running the following test case:
	run_test_game
Your code encountered the following error:

Test 14/17: Correct.
Test 15/17: Correct.
Test 16/17: Correct.
Test 17/17: Correct.
Passed 16 of 17 tests.
